// Jest Snapshot v1, https://goo.gl/fbAQLP

exports[`<Blocks /> should match snapshot 1`] = `
<div
  style={
    Object {
      "display": "grid",
      "gridGap": 8,
      "width": "100%",
    }
  }
>
  <div
    className="makeStyles-root-1"
  >
    <div
      className="makeStyles-index-2"
    >
      1
    </div>
    <p
      className="MuiTypography-root makeStyles-text-3 MuiTypography-body2"
    >
      Block 1
    </p>
  </div>
</div>
`;
